// Vitest Snapshot v1

exports[`Footer Snapshot > Comprobar la UI del componente Footer 1`] = `
<DocumentFragment>
  <div
    class="Footer"
  >
    <p
      class="Footer-title"
    >
      Platzi Store
    </p>
    <p
      class="Footer-copy"
    >
      Todos los Derechos Reservados
    </p>
  </div>
</DocumentFragment>
`;
